// Jest Snapshot v1, https://goo.gl/fbAQLP

exports[`StreamGraph matches snapshot 1`] = `
<div>
  <div
    style="display: flex; flex-direction: column; width: 800px; height: 400px; overflow: hidden;"
  >
    <div
      style="flex: 1; min-height: 0; min-width: 0; position: relative;"
    >
      <svg
        height="400"
        width="800"
      >
        <g
          transform="translate(10,10)"
        >
          <path
            d="M0,229.091L65,221.818C130,214.545,260,200,390,205.455C520,210.909,650,236.364,715,249.091L780,261.818L780,349.091L715,350.909C650,352.727,520,356.364,390,350.909C260,345.455,130,330.909,65,323.636L0,316.364Z"
            fill="rgb(0, 32, 81)"
            fill-opacity="0.8"
          />
          <path
            d="M0,54.545L65,61.818C130,69.091,260,83.636,390,74.545C520,65.455,650,32.727,715,16.364L780,0L780,261.818L715,249.091C650,236.364,520,210.909,390,205.455C260,200,130,214.545,65,221.818L0,229.091Z"
            fill="rgb(253, 234, 69)"
            fill-opacity="0.8"
          />
          <g
            class="x-axis"
            transform="translate(0,360)"
          >
            <g
              transform="translate(0,0)"
            >
              <line
                stroke="currentColor"
                stroke-opacity="0.5"
                y2="6"
              />
              <text
                fill="currentColor"
                fill-opacity="0.7"
                font-size="11px"
                text-anchor="middle"
                y="20"
              >
                00:00:01
              </text>
            </g>
            <g
              transform="translate(78,0)"
            >
              <line
                stroke="currentColor"
                stroke-opacity="0.5"
                y2="6"
              />
              <text
                fill="currentColor"
                fill-opacity="0.7"
                font-size="11px"
                text-anchor="middle"
                y="20"
              >
                00:00:01
              </text>
            </g>
            <g
              transform="translate(156,0)"
            >
              <line
                stroke="currentColor"
                stroke-opacity="0.5"
                y2="6"
              />
              <text
                fill="currentColor"
                fill-opacity="0.7"
                font-size="11px"
                text-anchor="middle"
                y="20"
              >
                00:00:01
              </text>
            </g>
            <g
              transform="translate(234,0)"
            >
              <line
                stroke="currentColor"
                stroke-opacity="0.5"
                y2="6"
              />
              <text
                fill="currentColor"
                fill-opacity="0.7"
                font-size="11px"
                text-anchor="middle"
                y="20"
              >
                00:00:01
              </text>
            </g>
            <g
              transform="translate(312,0)"
            >
              <line
                stroke="currentColor"
                stroke-opacity="0.5"
                y2="6"
              />
              <text
                fill="currentColor"
                fill-opacity="0.7"
                font-size="11px"
                text-anchor="middle"
                y="20"
              >
                00:00:01
              </text>
            </g>
            <g
              transform="translate(390,0)"
            >
              <line
                stroke="currentColor"
                stroke-opacity="0.5"
                y2="6"
              />
              <text
                fill="currentColor"
                fill-opacity="0.7"
                font-size="11px"
                text-anchor="middle"
                y="20"
              >
                00:00:02
              </text>
            </g>
            <g
              transform="translate(468,0)"
            >
              <line
                stroke="currentColor"
                stroke-opacity="0.5"
                y2="6"
              />
              <text
                fill="currentColor"
                fill-opacity="0.7"
                font-size="11px"
                text-anchor="middle"
                y="20"
              >
                00:00:02
              </text>
            </g>
            <g
              transform="translate(546,0)"
            >
              <line
                stroke="currentColor"
                stroke-opacity="0.5"
                y2="6"
              />
              <text
                fill="currentColor"
                fill-opacity="0.7"
                font-size="11px"
                text-anchor="middle"
                y="20"
              >
                00:00:02
              </text>
            </g>
            <g
              transform="translate(624,0)"
            >
              <line
                stroke="currentColor"
                stroke-opacity="0.5"
                y2="6"
              />
              <text
                fill="currentColor"
                fill-opacity="0.7"
                font-size="11px"
                text-anchor="middle"
                y="20"
              >
                00:00:02
              </text>
            </g>
            <g
              transform="translate(702,0)"
            >
              <line
                stroke="currentColor"
                stroke-opacity="0.5"
                y2="6"
              />
              <text
                fill="currentColor"
                fill-opacity="0.7"
                font-size="11px"
                text-anchor="middle"
                y="20"
              >
                00:00:02
              </text>
            </g>
            <g
              transform="translate(780,0)"
            >
              <line
                stroke="currentColor"
                stroke-opacity="0.5"
                y2="6"
              />
              <text
                fill="currentColor"
                fill-opacity="0.7"
                font-size="11px"
                text-anchor="middle"
                y="20"
              >
                00:00:03
              </text>
            </g>
          </g>
        </g>
      </svg>
    </div>
    <div
      class="css-4hqpog"
    >
      <div
        class="css-k008qs"
      >
        <ul
          class="css-14m29r0"
        >
          <li
            class="css-1baulvz"
          >
            <span
              class="css-eoftnt"
            >
              <div
                class="css-olan4g-LegendItemWrapper"
                data-testid="data-testid VizLegend series A"
              >
                <div
                  class="css-3gpgbm"
                  data-testid="series-icon"
                  style="background: rgb(0, 32, 81); border-radius: 9999px;"
                />
                <button
                  class="css-1f8mf9c-LegendLabel"
                  type="button"
                >
                  A
                </button>
              </div>
            </span>
          </li>
          <li
            class="css-1baulvz"
          >
            <span
              class="css-eoftnt"
            >
              <div
                class="css-olan4g-LegendItemWrapper"
                data-testid="data-testid VizLegend series B"
              >
                <div
                  class="css-3gpgbm"
                  data-testid="series-icon"
                  style="background: rgb(253, 234, 69); border-radius: 9999px;"
                />
                <button
                  class="css-1f8mf9c-LegendLabel"
                  type="button"
                >
                  B
                </button>
              </div>
            </span>
          </li>
        </ul>
      </div>
    </div>
  </div>
</div>
`;
